// Jest Snapshot v1, https://goo.gl/fbAQLP

exports[`Movie Should render the component 1`] = `undefined`;
